Archive member included to satisfy reference by file (symbol)

/home/zero/STM32Toolchain/gcc-arm-none-eabi-9-2020-q2-update/bin/../lib/gcc/arm-none-eabi/9.3.1/../../../../arm-none-eabi/lib/thumb/v7e-m+fp/hard/libg_nano.a(lib_a-errno.o)
                              ./system/src/newlib/_sbrk.o (__errno)
/home/zero/STM32Toolchain/gcc-arm-none-eabi-9-2020-q2-update/bin/../lib/gcc/arm-none-eabi/9.3.1/../../../../arm-none-eabi/lib/thumb/v7e-m+fp/hard/libg_nano.a(lib_a-impure.o)
                              /home/zero/STM32Toolchain/gcc-arm-none-eabi-9-2020-q2-update/bin/../lib/gcc/arm-none-eabi/9.3.1/../../../../arm-none-eabi/lib/thumb/v7e-m+fp/hard/libg_nano.a(lib_a-errno.o) (_impure_ptr)
/home/zero/STM32Toolchain/gcc-arm-none-eabi-9-2020-q2-update/bin/../lib/gcc/arm-none-eabi/9.3.1/../../../../arm-none-eabi/lib/thumb/v7e-m+fp/hard/libg_nano.a(lib_a-strlen.o)
                              ./system/src/diag/Trace.o (strlen)
/home/zero/STM32Toolchain/gcc-arm-none-eabi-9-2020-q2-update/bin/../lib/gcc/arm-none-eabi/9.3.1/../../../../arm-none-eabi/lib/thumb/v7e-m+fp/hard/libg_nano.a(lib_a-vsnprintf.o)
                              ./system/src/diag/Trace.o (vsnprintf)
/home/zero/STM32Toolchain/gcc-arm-none-eabi-9-2020-q2-update/bin/../lib/gcc/arm-none-eabi/9.3.1/../../../../arm-none-eabi/lib/thumb/v7e-m+fp/hard/libg_nano.a(lib_a-nano-svfprintf.o)
                              /home/zero/STM32Toolchain/gcc-arm-none-eabi-9-2020-q2-update/bin/../lib/gcc/arm-none-eabi/9.3.1/../../../../arm-none-eabi/lib/thumb/v7e-m+fp/hard/libg_nano.a(lib_a-vsnprintf.o) (_svfprintf_r)
/home/zero/STM32Toolchain/gcc-arm-none-eabi-9-2020-q2-update/bin/../lib/gcc/arm-none-eabi/9.3.1/../../../../arm-none-eabi/lib/thumb/v7e-m+fp/hard/libg_nano.a(lib_a-nano-vfprintf_i.o)
                              /home/zero/STM32Toolchain/gcc-arm-none-eabi-9-2020-q2-update/bin/../lib/gcc/arm-none-eabi/9.3.1/../../../../arm-none-eabi/lib/thumb/v7e-m+fp/hard/libg_nano.a(lib_a-nano-svfprintf.o) (_printf_i)
/home/zero/STM32Toolchain/gcc-arm-none-eabi-9-2020-q2-update/bin/../lib/gcc/arm-none-eabi/9.3.1/../../../../arm-none-eabi/lib/thumb/v7e-m+fp/hard/libg_nano.a(lib_a-memchr.o)
                              /home/zero/STM32Toolchain/gcc-arm-none-eabi-9-2020-q2-update/bin/../lib/gcc/arm-none-eabi/9.3.1/../../../../arm-none-eabi/lib/thumb/v7e-m+fp/hard/libg_nano.a(lib_a-nano-svfprintf.o) (memchr)
/home/zero/STM32Toolchain/gcc-arm-none-eabi-9-2020-q2-update/bin/../lib/gcc/arm-none-eabi/9.3.1/../../../../arm-none-eabi/lib/thumb/v7e-m+fp/hard/libg_nano.a(lib_a-memcpy-stub.o)
                              /home/zero/STM32Toolchain/gcc-arm-none-eabi-9-2020-q2-update/bin/../lib/gcc/arm-none-eabi/9.3.1/../../../../arm-none-eabi/lib/thumb/v7e-m+fp/hard/libg_nano.a(lib_a-nano-svfprintf.o) (memcpy)
/home/zero/STM32Toolchain/gcc-arm-none-eabi-9-2020-q2-update/bin/../lib/gcc/arm-none-eabi/9.3.1/../../../../arm-none-eabi/lib/thumb/v7e-m+fp/hard/libg_nano.a(lib_a-memmove.o)
                              /home/zero/STM32Toolchain/gcc-arm-none-eabi-9-2020-q2-update/bin/../lib/gcc/arm-none-eabi/9.3.1/../../../../arm-none-eabi/lib/thumb/v7e-m+fp/hard/libg_nano.a(lib_a-nano-svfprintf.o) (memmove)
/home/zero/STM32Toolchain/gcc-arm-none-eabi-9-2020-q2-update/bin/../lib/gcc/arm-none-eabi/9.3.1/../../../../arm-none-eabi/lib/thumb/v7e-m+fp/hard/libg_nano.a(lib_a-nano-freer.o)
                              /home/zero/STM32Toolchain/gcc-arm-none-eabi-9-2020-q2-update/bin/../lib/gcc/arm-none-eabi/9.3.1/../../../../arm-none-eabi/lib/thumb/v7e-m+fp/hard/libg_nano.a(lib_a-nano-svfprintf.o) (_free_r)
/home/zero/STM32Toolchain/gcc-arm-none-eabi-9-2020-q2-update/bin/../lib/gcc/arm-none-eabi/9.3.1/../../../../arm-none-eabi/lib/thumb/v7e-m+fp/hard/libg_nano.a(lib_a-nano-mallocr.o)
                              /home/zero/STM32Toolchain/gcc-arm-none-eabi-9-2020-q2-update/bin/../lib/gcc/arm-none-eabi/9.3.1/../../../../arm-none-eabi/lib/thumb/v7e-m+fp/hard/libg_nano.a(lib_a-nano-svfprintf.o) (_malloc_r)
/home/zero/STM32Toolchain/gcc-arm-none-eabi-9-2020-q2-update/bin/../lib/gcc/arm-none-eabi/9.3.1/../../../../arm-none-eabi/lib/thumb/v7e-m+fp/hard/libg_nano.a(lib_a-nano-reallocr.o)
                              /home/zero/STM32Toolchain/gcc-arm-none-eabi-9-2020-q2-update/bin/../lib/gcc/arm-none-eabi/9.3.1/../../../../arm-none-eabi/lib/thumb/v7e-m+fp/hard/libg_nano.a(lib_a-nano-svfprintf.o) (_realloc_r)
/home/zero/STM32Toolchain/gcc-arm-none-eabi-9-2020-q2-update/bin/../lib/gcc/arm-none-eabi/9.3.1/../../../../arm-none-eabi/lib/thumb/v7e-m+fp/hard/libg_nano.a(lib_a-sbrkr.o)
                              /home/zero/STM32Toolchain/gcc-arm-none-eabi-9-2020-q2-update/bin/../lib/gcc/arm-none-eabi/9.3.1/../../../../arm-none-eabi/lib/thumb/v7e-m+fp/hard/libg_nano.a(lib_a-nano-mallocr.o) (_sbrk_r)
/home/zero/STM32Toolchain/gcc-arm-none-eabi-9-2020-q2-update/bin/../lib/gcc/arm-none-eabi/9.3.1/../../../../arm-none-eabi/lib/thumb/v7e-m+fp/hard/libg_nano.a(lib_a-mlock.o)
[...]
Memory Configuration

Name             Origin             Length             Attributes
FLASH            0x0000000008000000 0x0000000000080000 xr
RAM              0x0000000020000000 0x0000000000020000 xrw
CCMRAM           0x0000000010000000 0x0000000000000000 xrw
FLASHB1          0x0000000000000000 0x0000000000000000 xr
EXTMEMB0         0x0000000000000000 0x0000000000000000 xr
EXTMEMB1         0x0000000000000000 0x0000000000000000 xr
EXTMEMB2         0x0000000000000000 0x0000000000000000 xr
EXTMEMB3         0x0000000000000000 0x0000000000000000 xr
*default*        0x0000000000000000 0xffffffffffffffff

Linker script and memory map

LOAD ./system/src/newlib/_cxx.o
LOAD ./system/src/newlib/_exit.o
LOAD ./system/src/newlib/_sbrk.o
LOAD ./system/src/newlib/_startup.o
LOAD ./system/src/newlib/_syscalls.o
LOAD ./system/src/newlib/assert.o
LOAD ./system/src/diag/Trace.o
LOAD ./system/src/diag/trace_impl.o
LOAD ./system/src/cortexm/_initialize_hardware.o
LOAD ./system/src/cortexm/_reset_hardware.o
LOAD ./system/src/cortexm/exception_handlers.o
LOAD ./src/_write.o
LOAD /home/zero/STM32Toolchain/gcc-arm-none-eabi-9-2020-q2-update/bin/../lib/gcc/arm-none-eabi/9.3.1/../../../../arm-none-eabi/lib/thumb/v7e-m+fp/hard/libstdc++_nano.a
LOAD /home/zero/STM32Toolchain/gcc-arm-none-eabi-9-2020-q2-update/bin/../lib/gcc/arm-none-eabi/9.3.1/../../../../arm-none-eabi/lib/thumb/v7e-m+fp/hard/libm.a
START GROUP
LOAD /home/zero/STM32Toolchain/gcc-arm-none-eabi-9-2020-q2-update/bin/../lib/gcc/arm-none-eabi/9.3.1/thumb/v7e-m+fp/hard/libgcc.a
LOAD /home/zero/STM32Toolchain/gcc-arm-none-eabi-9-2020-q2-update/bin/../lib/gcc/arm-none-eabi/9.3.1/../../../../arm-none-eabi/lib/thumb/v7e-m+fp/hard/libg_nano.a
LOAD /home/zero/STM32Toolchain/gcc-arm-none-eabi-9-2020-q2-update/bin/../lib/gcc/arm-none-eabi/9.3.1/../../../../arm-none-eabi/lib/thumb/v7e-m+fp/hard/libc_nano.a
END GROUP
START GROUP
LOAD /home/zero/STM32Toolchain/gcc-arm-none-eabi-9-2020-q2-update/bin/../lib/gcc/arm-none-eabi/9.3.1/thumb/v7e-m+fp/hard/libgcc.a
LOAD /home/zero/STM32Toolchain/gcc-arm-none-eabi-9-2020-q2-update/bin/../lib/gcc/arm-none-eabi/9.3.1/../../../../arm-none-eabi/lib/thumb/v7e-m+fp/hard/libc_nano.a
END GROUP
                0x0000000020020000                __stack = (ORIGIN (RAM) + LENGTH (RAM))
                0x0000000020020000                _estack = __stack
                0x0000000000000400                __Main_Stack_Size = 0x400
                [!provide]                        PROVIDE (_Main_Stack_Size = __Main_Stack_Size)
                0x000000002001fc00                __Main_Stack_Limit = (__stack - __Main_Stack_Size)
                [!provide]                        PROVIDE (_Main_Stack_Limit = __Main_Stack_Limit)
                0x0000000000000100                _Minimum_Stack_Size = 0x100
                0x000000002000001c                PROVIDE (_Heap_Begin = _end_noinit)
                0x000000002001fc00                PROVIDE (_Heap_Limit = (__stack - __Main_Stack_Size))

.isr_vector     0x0000000008000000      0x114
 FILL mask 0xff
                0x0000000008000000                __vectors_start = ABSOLUTE (.)
                0x0000000008000000                __vectors_start__ = ABSOLUTE (.)
 *(.isr_vector)
 *(.cfmconfig)
 *(.after_vectors .after_vectors.*)
 .after_vectors
                0x0000000008000000      0x114 ./system/src/newlib/_startup.o
                0x0000000008000000                _start

.inits          0x0000000008000114       0x28
                0x0000000008000114                __data_regions_array_start = .
                0x0000000008000114        0x4 LONG 0x800017c LOADADDR (.data)
                0x0000000008000118        0x4 LONG 0x20000000 ADDR (.data)
                0x000000000800011c        0x4 LONG 0x20000010 (ADDR (.data) + SIZEOF (.data))
                0x0000000008000120        0x4 LONG 0x800017c LOADADDR (.data_CCMRAM)
                0x0000000008000124        0x4 LONG 0x10000000 ADDR (.data_CCMRAM)
                0x0000000008000128        0x4 LONG 0x10000000 (ADDR (.data_CCMRAM) + SIZEOF (.data_CCMRAM))
                0x000000000800012c                __data_regions_array_end = .
                0x000000000800012c                __bss_regions_array_start = .
                0x000000000800012c        0x4 LONG 0x20000010 ADDR (.bss)
                0x0000000008000130        0x4 LONG 0x2000001c (ADDR (.bss) + SIZEOF (.bss))
                0x0000000008000134        0x4 LONG 0x10000000 ADDR (.bss_CCMRAM)
                0x0000000008000138        0x4 LONG 0x10000000 (ADDR (.bss_CCMRAM) + SIZEOF (.bss_CCMRAM))
                0x000000000800013c                __bss_regions_array_end = .
 *(.init)
 *(.fini)
                0x000000000800013c                . = ALIGN (0x4)
                0x000000000800013c                PROVIDE (__preinit_array_start = .)
 *(.preinit_array_sysinit .preinit_array_sysinit.*)
 *(.preinit_array_platform .preinit_array_platform.*)
 *(.preinit_array .preinit_array.*)
                0x000000000800013c                PROVIDE (__preinit_array_end = .)
                0x000000000800013c                . = ALIGN (0x4)
                0x000000000800013c                PROVIDE (__init_array_start = .)
 *(SORT_BY_NAME(.init_array.*))
 *(.init_array)
                0x000000000800013c                PROVIDE (__init_array_end = .)
                0x000000000800013c                . = ALIGN (0x4)
                0x000000000800013c                PROVIDE (__fini_array_start = .)
 *(SORT_BY_NAME(.fini_array.*))
 *(.fini_array)
                0x000000000800013c                PROVIDE (__fini_array_end = .)

.flashtext
 *(.flashtext .flashtext.*)

.text           0x000000000800013c       0x40
 *(.text .text.*)
 .text._exit    0x000000000800013c        0x2 ./system/src/newlib/_exit.o
                0x000000000800013c                _exit
 *fill*         0x000000000800013e        0x2 
 .text.__initialize_args
                0x0000000008000140       0x10 ./system/src/newlib/_syscalls.o
                0x0000000008000140                __initialize_args
 .text.__initialize_hardware_early
                0x0000000008000150       0x24 ./system/src/cortexm/_initialize_hardware.o
                0x0000000008000150                __initialize_hardware_early
 .text.__initialize_hardware
                0x0000000008000174        0x8 ./system/src/cortexm/_initialize_hardware.o
                0x0000000008000174                __initialize_hardware
 *(.rodata .rodata.* .constdata .constdata.*)
 *(vtable)
 *(.eh_frame*)
 *(.glue_7)
 .glue_7        0x000000000800017c        0x0 linker stubs
 *(.glue_7t)
 .glue_7t       0x000000000800017c        0x0 linker stubs

.vfp11_veneer   0x000000000800017c        0x0
 .vfp11_veneer  0x000000000800017c        0x0 linker stubs

.v4_bx          0x000000000800017c        0x0
 .v4_bx         0x000000000800017c        0x0 linker stubs

.iplt           0x000000000800017c        0x0
 .iplt          0x000000000800017c        0x0 ./system/src/newlib/_exit.o

.rel.dyn        0x000000000800017c        0x0
 .rel.iplt      0x000000000800017c        0x0 ./system/src/newlib/_exit.o

.ARM.extab
 *(.ARM.extab* .gnu.linkonce.armextab.*)
                0x000000000800017c                . = ALIGN (0x4)
                0x000000000800017c                __exidx_start = .

.ARM.exidx
 *(.ARM.exidx* .gnu.linkonce.armexidx.*)
                0x000000000800017c                __exidx_end = .
                0x000000000800017c                . = ALIGN (0x4)
                0x000000000800017c                _etext = .
                0x000000000800017c                __etext = .

.data_CCMRAM    0x0000000010000000        0x0 load address 0x000000000800017c
 FILL mask 0xff
 *(.data.CCMRAM .data.CCMRAM.*)
                0x0000000010000000                . = ALIGN (0x4)
                0x000000000800017c                _sidata = LOADADDR (.data)

.data           0x0000000020000000       0x10 load address 0x000000000800017c
 FILL mask 0xff
                0x0000000020000000                _sdata = .
                0x0000000020000000                __data_start__ = .
 *(.data_begin .data_begin.*)
 .data_begin    0x0000000020000000        0x4 ./system/src/newlib/_startup.o
 *(.data .data.*)
 .data.argv.5716
                0x0000000020000004        0x8 ./system/src/newlib/_syscalls.o
 *(.data_end .data_end.*)
 .data_end      0x000000002000000c        0x4 ./system/src/newlib/_startup.o
                0x0000000020000010                . = ALIGN (0x4)
                0x0000000020000010                _edata = .
                0x0000000020000010                __data_end__ = .

.igot.plt       0x0000000020000010        0x0 load address 0x000000000800018c
 .igot.plt      0x0000000020000010        0x0 ./system/src/newlib/_exit.o

.bss_CCMRAM     0x0000000010000000        0x0
 *(.bss.CCMRAM .bss.CCMRAM.*)

.bss            0x0000000020000010        0xc
                0x0000000020000010                __bss_start__ = .
                0x0000000020000010                _sbss = .
 *(.bss_begin .bss_begin.*)
 .bss_begin     0x0000000020000010        0x4 ./system/src/newlib/_startup.o
 *(.bss .bss.*)
 .bss.name.5715
                0x0000000020000014        0x1 ./system/src/newlib/_syscalls.o
 *(COMMON)
 *(.bss_end .bss_end.*)
 *fill*         0x0000000020000015        0x3 
 .bss_end       0x0000000020000018        0x4 ./system/src/newlib/_startup.o
                0x000000002000001c                . = ALIGN (0x4)
                0x000000002000001c                __bss_end__ = .
                0x000000002000001c                _ebss = .

.noinit_CCMRAM
 *(.noinit.CCMRAM .noinit.CCMRAM.*)

.noinit         0x000000002000001c        0x0
                0x000000002000001c                _noinit = .
 *(.noinit .noinit.*)
                0x000000002000001c                . = ALIGN (0x4)
                0x000000002000001c                _end_noinit = .
                [!provide]                        PROVIDE (end = _end_noinit)
                [!provide]                        PROVIDE (_end = _end_noinit)
                [!provide]                        PROVIDE (__end = _end_noinit)
                [!provide]                        PROVIDE (__end__ = _end_noinit)

._check_stack   0x000000002000001c      0x100
                0x000000002000011c                . = (. + _Minimum_Stack_Size)
 *fill*         0x000000002000001c      0x100 

.b1text
 *(.b1text)
 *(.b1rodata)
 *(.b1rodata.*)

.eb0text
 *(.eb0text)
 *(.eb0rodata)
 *(.eb0rodata.*)

.eb1text
 *(.eb1text)
 *(.eb1rodata)
 *(.eb1rodata.*)

.eb2text
 *(.eb2text)
 *(.eb2rodata)
 *(.eb2rodata.*)

.eb3text
 *(.eb3text)
 *(.eb3rodata)
 *(.eb3rodata.*)

.stab
 *(.stab)

.stabstr
 *(.stabstr)

.stab.excl
 *(.stab.excl)

.stab.exclstr
 *(.stab.exclstr)

.stab.index
 *(.stab.index)

.stab.indexstr
 *(.stab.indexstr)

.comment        0x0000000000000000       0x4c
 *(.comment)
 .comment       0x0000000000000000       0x4c ./system/src/newlib/_exit.o
                                         0x4d (size before relaxing)
 .comment       0x000000000000004c       0x4d ./system/src/newlib/_startup.o
 .comment       0x000000000000004c       0x4d ./system/src/newlib/_syscalls.o
 .comment       0x000000000000004c       0x4d ./system/src/cortexm/_initialize_hardware.o

.ARM.attributes
                0x0000000000000000       0x32
 .ARM.attributes
                0x0000000000000000       0x34 ./system/src/newlib/_exit.o
 .ARM.attributes
                0x0000000000000034       0x34 ./system/src/newlib/_startup.o
 .ARM.attributes
                0x0000000000000068       0x34 ./system/src/newlib/_syscalls.o
 .ARM.attributes
                0x000000000000009c       0x34 ./system/src/cortexm/_initialize_hardware.o

.debug
 *(.debug)

.line
 *(.line)

.debug_srcinfo
 *(.debug_srcinfo)

.debug_sfnames
 *(.debug_sfnames)

.debug_aranges  0x0000000000000000       0xc0
 *(.debug_aranges)
 .debug_aranges
                0x0000000000000000       0x28 ./system/src/newlib/_exit.o
 .debug_aranges
                0x0000000000000028       0x40 ./system/src/newlib/_startup.o
 .debug_aranges
                0x0000000000000068       0x30 ./system/src/newlib/_syscalls.o
 .debug_aranges
                0x0000000000000098       0x28 ./system/src/cortexm/_initialize_hardware.o

.debug_pubnames
 *(.debug_pubnames)

.debug_info     0x0000000000000000     0x1c6b
 *(.debug_info .gnu.linkonce.wi.*)
 .debug_info    0x0000000000000000      0x9e7 ./system/src/newlib/_exit.o
 .debug_info    0x00000000000009e7      0x4ae ./system/src/newlib/_startup.o
 .debug_info    0x0000000000000e95      0xab9 ./system/src/newlib/_syscalls.o
 .debug_info    0x000000000000194e      0x31d ./system/src/cortexm/_initialize_hardware.o

.debug_abbrev   0x0000000000000000      0x73c
 *(.debug_abbrev)
 .debug_abbrev  0x0000000000000000      0x222 ./system/src/newlib/_exit.o
 .debug_abbrev  0x0000000000000222      0x1b1 ./system/src/newlib/_startup.o
 .debug_abbrev  0x00000000000003d3      0x26d ./system/src/newlib/_syscalls.o
 .debug_abbrev  0x0000000000000640       0xfc ./system/src/cortexm/_initialize_hardware.o

.debug_line     0x0000000000000000      0xfad
 *(.debug_line)
 .debug_line    0x0000000000000000      0x385 ./system/src/newlib/_exit.o
 .debug_line    0x0000000000000385      0x5e9 ./system/src/newlib/_startup.o
 .debug_line    0x000000000000096e      0x485 ./system/src/newlib/_syscalls.o
 .debug_line    0x0000000000000df3      0x1ba ./system/src/cortexm/_initialize_hardware.o

.debug_frame    0x0000000000000000      0x144
 *(.debug_frame)
 .debug_frame   0x0000000000000000       0x38 ./system/src/newlib/_exit.o
 .debug_frame   0x0000000000000038       0x7c ./system/src/newlib/_startup.o
 .debug_frame   0x00000000000000b4       0x50 ./system/src/newlib/_syscalls.o
 .debug_frame   0x0000000000000104       0x40 ./system/src/cortexm/_initialize_hardware.o

.debug_str      0x0000000000000000    0x53f9c
 *(.debug_str)
 .debug_str     0x0000000000000000     0x7a5b ./system/src/newlib/_exit.o
                                       0x7c13 (size before relaxing)
 .debug_str     0x0000000000007a5b      0xbbd ./system/src/newlib/_startup.o
                                       0x63e7 (size before relaxing)
 .debug_str     0x0000000000008618     0x199f ./system/src/newlib/_syscalls.o
                                       0x853d (size before relaxing)
 .debug_str     0x0000000000009fb7    0x49fe5 ./system/src/cortexm/_initialize_hardware.o
                                      0x4d8b1 (size before relaxing)

.debug_loc      0x0000000000000000      0x362
 *(.debug_loc)
 .debug_loc     0x0000000000000000       0x15 ./system/src/newlib/_exit.o
 .debug_loc     0x0000000000000015      0x2de ./system/src/newlib/_startup.o
 .debug_loc     0x00000000000002f3       0x6f ./system/src/newlib/_syscalls.o

.debug_macinfo
 *(.debug_macinfo)

.debug_weaknames
 *(.debug_weaknames)

.debug_funcnames
 *(.debug_funcnames)

.debug_typenames
 *(.debug_typenames)

.debug_varnames
 *(.debug_varnames)
OUTPUT(stm32-nucleof4-freertos.elf elf32-littlearm)
LOAD linker stubs

.debug_ranges   0x0000000000000000       0x80
 .debug_ranges  0x0000000000000000       0x18 ./system/src/newlib/_exit.o
 .debug_ranges  0x0000000000000018       0x30 ./system/src/newlib/_startup.o
 .debug_ranges  0x0000000000000048       0x20 ./system/src/newlib/_syscalls.o
 .debug_ranges  0x0000000000000068       0x18 ./system/src/cortexm/_initialize_hardware.o

.debug_macro    0x0000000000000000     0x1efd
 .debug_macro   0x0000000000000000      0x1ae ./system/src/newlib/_exit.o
 .debug_macro   0x00000000000001ae      0xaa8 ./system/src/newlib/_exit.o
 .debug_macro   0x0000000000000c56       0x34 ./system/src/newlib/_exit.o
 .debug_macro   0x0000000000000c8a      0x10e ./system/src/newlib/_exit.o
 .debug_macro   0x0000000000000d98       0x8d ./system/src/newlib/_exit.o
 .debug_macro   0x0000000000000e25       0x43 ./system/src/newlib/_exit.o
 .debug_macro   0x0000000000000e68      0x339 ./system/src/newlib/_exit.o
 .debug_macro   0x00000000000011a1       0x35 ./system/src/newlib/_exit.o
 .debug_macro   0x00000000000011d6      0x15f ./system/src/newlib/_startup.o
 .debug_macro   0x0000000000001335      0x34e ./system/src/newlib/_startup.o
 .debug_macro   0x0000000000001683      0x220 ./system/src/newlib/_syscalls.o
 .debug_macro   0x00000000000018a3       0x1c ./system/src/newlib/_syscalls.o
 .debug_macro   0x00000000000018bf       0x10 ./system/src/newlib/_syscalls.o
 .debug_macro   0x00000000000018cf       0x10 ./system/src/newlib/_syscalls.o
 .debug_macro   0x00000000000018df       0x10 ./system/src/newlib/_syscalls.o
 .debug_macro   0x00000000000018ef       0x35 ./system/src/newlib/_syscalls.o
 .debug_macro   0x0000000000001924      0x12c ./system/src/newlib/_syscalls.o
 .debug_macro   0x0000000000001a50       0xce ./system/src/newlib/_syscalls.o
 .debug_macro   0x0000000000001b1e       0x7c ./system/src/newlib/_syscalls.o
 .debug_macro   0x0000000000001b9a       0x17 ./system/src/newlib/_syscalls.o
 .debug_macro   0x0000000000001bb1      0x118 ./system/src/newlib/_syscalls.o
 .debug_macro   0x0000000000001cc9      0x189 ./system/src/newlib/_syscalls.o
 .debug_macro   0x0000000000001e52       0x16 ./system/src/newlib/_syscalls.o
 .debug_macro   0x0000000000001e68       0x95 ./system/src/cortexm/_initialize_hardware.o
